> Task :extractor:protobufDummy UP-TO-DATE
> Task :extractor:extractIncludeProto UP-TO-DATE
> Task :extractor:extractProto UP-TO-DATE
> Task :extractor:generateProto UP-TO-DATE
> Task :extractor:compileJava UP-TO-DATE
> Task :extractor:processResources UP-TO-DATE
> Task :extractor:classes UP-TO-DATE
> Task :extractor:jar UP-TO-DATE
> Task :extractor:javadoc UP-TO-DATE
> Task :extractor:javadocJar UP-TO-DATE
> Task :extractor:sourcesJar UP-TO-DATE
> Task :extractor:assemble UP-TO-DATE
> Task :extractor:extractIncludeTestProto UP-TO-DATE
> Task :extractor:extractTestProto UP-TO-DATE
> Task :extractor:generateTestProto NO-SOURCE
> Task :extractor:compileTestJava UP-TO-DATE
> Task :extractor:processTestResources
> Task :extractor:testClasses
> Task :extractor:checkstyleTest SKIPPED

> Task :extractor:checkstyleMain
[ant:checkstyle] [ERROR] C:\Users\user\.gemini\antigravity\scratch\Youtube_Transcribtion\TubularExtractor\extractor\src\main\java\org\schabi\newpipe\extractor\services\yandexmusic\api\YandexApi.java:20:1: Utils-классы не должны иметь публичных конструкторов или конструктор по умолчанию. [HideUtilityClassConstructor]
[ant:checkstyle] [ERROR] C:\Users\user\.gemini\antigravity\scratch\Youtube_Transcribtion\TubularExtractor\extractor\src\main\java\org\schabi\newpipe\extractor\services\yandexmusic\api\YandexApi.java:28: Line has trailing spaces. [RegexpSingleline]
[ant:checkstyle] [ERROR] C:\Users\user\.gemini\antigravity\scratch\Youtube_Transcribtion\TubularExtractor\extractor\src\main\java\org\schabi\newpipe\extractor\services\yandexmusic\api\YandexApi.java:36: Line has trailing spaces. [RegexpSingleline]
[ant:checkstyle] [ERROR] C:\Users\user\.gemini\antigravity\scratch\Youtube_Transcribtion\TubularExtractor\extractor\src\main\java\org\schabi\newpipe\extractor\services\yandexmusic\api\YandexApi.java:47: Line has trailing spaces. [RegexpSingleline]
[ant:checkstyle] [ERROR] C:\Users\user\.gemini\antigravity\scratch\Youtube_Transcribtion\TubularExtractor\extractor\src\main\java\org\schabi\newpipe\extractor\services\yandexmusic\api\YandexApi.java:51:43: Параметр trackId должен быть final. [FinalParameters]
[ant:checkstyle] [ERROR] C:\Users\user\.gemini\antigravity\scratch\Youtube_Transcribtion\TubularExtractor\extractor\src\main\java\org\schabi\newpipe\extractor\services\yandexmusic\api\YandexApi.java:51:50: Переменная 'trackId' должна быть объявлена final. [FinalLocalVariable]
[ant:checkstyle] [ERROR] C:\Users\user\.gemini\antigravity\scratch\Youtube_Transcribtion\TubularExtractor\extractor\src\main\java\org\schabi\newpipe\extractor\services\yandexmusic\api\YandexApi.java:52:16: Переменная 'url' должна быть объявлена final. [FinalLocalVariable]
[ant:checkstyle] [ERROR] C:\Users\user\.gemini\antigravity\scratch\Youtube_Transcribtion\TubularExtractor\extractor\src\main\java\org\schabi\newpipe\extractor\services\yandexmusic\api\YandexApi.java:53:45: Переменная 'headers' должна быть объявлена final. [FinalLocalVariable]
[ant:checkstyle] [ERROR] C:\Users\user\.gemini\antigravity\scratch\Youtube_Transcribtion\TubularExtractor\extractor\src\main\java\org\schabi\newpipe\extractor\services\yandexmusic\api\YandexApi.java:56: Длина строки больше 100 (всего 109). [LineLength]
[ant:checkstyle] [ERROR] C:\Users\user\.gemini\antigravity\scratch\Youtube_Transcribtion\TubularExtractor\extractor\src\main\java\org\schabi\newpipe\extractor\services\yandexmusic\api\YandexApi.java:59:20: Переменная 'downloader' должна быть объявлена final. [FinalLocalVariable]
[ant:checkstyle] [ERROR] C:\Users\user\.gemini\antigravity\scratch\Youtube_Transcribtion\TubularExtractor\extractor\src\main\java\org\schabi\newpipe\extractor\services\yandexmusic\api\YandexApi.java:60:18: Переменная 'response' должна быть объявлена final. [FinalLocalVariable]
[ant:checkstyle] [ERROR] C:\Users\user\.gemini\antigravity\scratch\Youtube_Transcribtion\TubularExtractor\extractor\src\main\java\org\schabi\newpipe\extractor\services\yandexmusic\api\YandexApi.java:61: Line has trailing spaces. [RegexpSingleline]
[ant:checkstyle] [ERROR] C:\Users\user\.gemini\antigravity\scratch\Youtube_Transcribtion\TubularExtractor\extractor\src\main\java\org\schabi\newpipe\extractor\services\yandexmusic\api\YandexApi.java:63:24: Переменная 'root' должна быть объявлена final. [FinalLocalVariable]
[ant:checkstyle] [ERROR] C:\Users\user\.gemini\antigravity\scratch\Youtube_Transcribtion\TubularExtractor\extractor\src\main\java\org\schabi\newpipe\extractor\services\yandexmusic\api\YandexApi.java:65:38: Переменная 'e' должна быть объявлена final. [FinalLocalVariable]
[ant:checkstyle] [ERROR] C:\Users\user\.gemini\antigravity\scratch\Youtube_Transcribtion\TubularExtractor\extractor\src\main\java\org\schabi\newpipe\extractor\services\yandexmusic\api\YandexApi.java:70: Длина строки больше 100 (всего 107). [LineLength]
[ant:checkstyle] [ERROR] C:\Users\user\.gemini\antigravity\scratch\Youtube_Transcribtion\TubularExtractor\extractor\src\main\java\org\schabi\newpipe\extractor\services\yandexmusic\api\YandexApi.java:70:51: Параметр trackId должен быть final. [FinalParameters]
[ant:checkstyle] [ERROR] C:\Users\user\.gemini\antigravity\scratch\Youtube_Transcribtion\TubularExtractor\extractor\src\main\java\org\schabi\newpipe\extractor\services\yandexmusic\api\YandexApi.java:70:58: Переменная 'trackId' должна быть объявлена final. [FinalLocalVariable]
[ant:checkstyle] [ERROR] C:\Users\user\.gemini\antigravity\scratch\Youtube_Transcribtion\TubularExtractor\extractor\src\main\java\org\schabi\newpipe\extractor\services\yandexmusic\api\YandexApi.java:71:16: Переменная 'url' должна быть объявлена final. [FinalLocalVariable]
[ant:checkstyle] [ERROR] C:\Users\user\.gemini\antigravity\scratch\Youtube_Transcribtion\TubularExtractor\extractor\src\main\java\org\schabi\newpipe\extractor\services\yandexmusic\api\YandexApi.java:75:39: Параметр albumId должен быть final. [FinalParameters]
[ant:checkstyle] [ERROR] C:\Users\user\.gemini\antigravity\scratch\Youtube_Transcribtion\TubularExtractor\extractor\src\main\java\org\schabi\newpipe\extractor\services\yandexmusic\api\YandexApi.java:75:46: Переменная 'albumId' должна быть объявлена final. [FinalLocalVariable]
[ant:checkstyle] [ERROR] C:\Users\user\.gemini\antigravity\scratch\Youtube_Transcribtion\TubularExtractor\extractor\src\main\java\org\schabi\newpipe\extractor\services\yandexmusic\api\YandexApi.java:76:16: Переменная 'url' должна быть объявлена final. [FinalLocalVariable]
[ant:checkstyle] [ERROR] C:\Users\user\.gemini\antigravity\scratch\Youtube_Transcribtion\TubularExtractor\extractor\src\main\java\org\schabi\newpipe\extractor\services\yandexmusic\api\YandexApi.java:80: Длина строки больше 100 (всего 114). [LineLength]
[ant:checkstyle] [ERROR] C:\Users\user\.gemini\antigravity\scratch\Youtube_Transcribtion\TubularExtractor\extractor\src\main\java\org\schabi\newpipe\extractor\services\yandexmusic\api\YandexApi.java:80:42: Параметр user должен быть final. [FinalParameters]
[ant:checkstyle] [ERROR] C:\Users\user\.gemini\antigravity\scratch\Youtube_Transcribtion\TubularExtractor\extractor\src\main\java\org\schabi\newpipe\extractor\services\yandexmusic\api\YandexApi.java:80:49: Переменная 'user' должна быть объявлена final. [FinalLocalVariable]
[ant:checkstyle] [ERROR] C:\Users\user\.gemini\antigravity\scratch\Youtube_Transcribtion\TubularExtractor\extractor\src\main\java\org\schabi\newpipe\extractor\services\yandexmusic\api\YandexApi.java:80:55: Параметр playlistId должен быть final. [FinalParameters]
[ant:checkstyle] [ERROR] C:\Users\user\.gemini\antigravity\scratch\Youtube_Transcribtion\TubularExtractor\extractor\src\main\java\org\schabi\newpipe\extractor\services\yandexmusic\api\YandexApi.java:80:62: Переменная 'playlistId' должна быть объявлена final. [FinalLocalVariable]
[ant:checkstyle] [ERROR] C:\Users\user\.gemini\antigravity\scratch\Youtube_Transcribtion\TubularExtractor\extractor\src\main\java\org\schabi\newpipe\extractor\services\yandexmusic\api\YandexApi.java:81: Длина строки больше 100 (всего 138). [LineLength]
[ant:checkstyle] [ERROR] C:\Users\user\.gemini\antigravity\scratch\Youtube_Transcribtion\TubularExtractor\extractor\src\main\java\org\schabi\newpipe\extractor\services\yandexmusic\api\YandexApi.java:81:16: Переменная 'url' должна быть объявлена final. [FinalLocalVariable]
[ant:checkstyle] [ERROR] C:\Users\user\.gemini\antigravity\scratch\Youtube_Transcribtion\TubularExtractor\extractor\src\main\java\org\schabi\newpipe\extractor\services\yandexmusic\api\YandexApi.java:85:47: Параметр url должен быть final. [FinalParameters]
[ant:checkstyle] [ERROR] C:\Users\user\.gemini\antigravity\scratch\Youtube_Transcribtion\TubularExtractor\extractor\src\main\java\org\schabi\newpipe\extractor\services\yandexmusic\api\YandexApi.java:85:54: Переменная 'url' должна быть объявлена final. [FinalLocalVariable]
[ant:checkstyle] [ERROR] C:\Users\user\.gemini\antigravity\scratch\Youtube_Transcribtion\TubularExtractor\extractor\src\main\java\org\schabi\newpipe\extractor\services\yandexmusic\api\YandexApi.java:86:45: Переменная 'headers' должна быть объявлена final. [FinalLocalVariable]
[ant:checkstyle] [ERROR] C:\Users\user\.gemini\antigravity\scratch\Youtube_Transcribtion\TubularExtractor\extractor\src\main\java\org\schabi\newpipe\extractor\services\yandexmusic\api\YandexApi.java:89: Длина строки больше 100 (всего 109). [LineLength]
[ant:checkstyle] [ERROR] C:\Users\user\.gemini\antigravity\scratch\Youtube_Transcribtion\TubularExtractor\extractor\src\main\java\org\schabi\newpipe\extractor\services\yandexmusic\api\YandexApi.java:92:20: Переменная 'downloader' должна быть объявлена final. [FinalLocalVariable]
[ant:checkstyle] [ERROR] C:\Users\user\.gemini\antigravity\scratch\Youtube_Transcribtion\TubularExtractor\extractor\src\main\java\org\schabi\newpipe\extractor\services\yandexmusic\api\YandexApi.java:93:18: Переменная 'response' должна быть объявлена final. [FinalLocalVariable]
[ant:checkstyle] [ERROR] C:\Users\user\.gemini\antigravity\scratch\Youtube_Transcribtion\TubularExtractor\extractor\src\main\java\org\schabi\newpipe\extractor\services\yandexmusic\api\YandexApi.java:96:24: Переменная 'root' должна быть объявлена final. [FinalLocalVariable]
[ant:checkstyle] [ERROR] C:\Users\user\.gemini\antigravity\scratch\Youtube_Transcribtion\TubularExtractor\extractor\src\main\java\org\schabi\newpipe\extractor\services\yandexmusic\api\YandexApi.java:98:38: Переменная 'e' должна быть объявлена final. [FinalLocalVariable]
[ant:checkstyle] [ERROR] C:\Users\user\.gemini\antigravity\scratch\Youtube_Transcribtion\TubularExtractor\extractor\src\main\java\org\schabi\newpipe\extractor\services\yandexmusic\api\YandexApi.java:104:16: Переменная 'url' должна быть объявлена final. [FinalLocalVariable]
[ant:checkstyle] [ERROR] C:\Users\user\.gemini\antigravity\scratch\Youtube_Transcribtion\TubularExtractor\extractor\src\main\java\org\schabi\newpipe\extractor\services\yandexmusic\api\YandexApi.java:107: Line has trailing spaces. [RegexpSingleline]
[ant:checkstyle] [ERROR] C:\Users\user\.gemini\antigravity\scratch\Youtube_Transcribtion\TubularExtractor\extractor\src\main\java\org\schabi\newpipe\extractor\services\yandexmusic\api\YandexApi.java:109:16: Переменная 'url' должна быть объявлена final. [FinalLocalVariable]
[ant:checkstyle] [ERROR] C:\Users\user\.gemini\antigravity\scratch\Youtube_Transcribtion\TubularExtractor\extractor\src\main\java\org\schabi\newpipe\extractor\services\yandexmusic\api\YandexApi.java:113: Длина строки больше 100 (всего 117). [LineLength]
[ant:checkstyle] [ERROR] C:\Users\user\.gemini\antigravity\scratch\Youtube_Transcribtion\TubularExtractor\extractor\src\main\java\org\schabi\newpipe\extractor\services\yandexmusic\api\YandexApi.java:113:65: Параметр uid должен быть final. [FinalParameters]
[ant:checkstyle] [ERROR] C:\Users\user\.gemini\antigravity\scratch\Youtube_Transcribtion\TubularExtractor\extractor\src\main\java\org\schabi\newpipe\extractor\services\yandexmusic\api\YandexApi.java:113:72: Переменная 'uid' должна быть объявлена final. [FinalLocalVariable]
[ant:checkstyle] [ERROR] C:\Users\user\.gemini\antigravity\scratch\Youtube_Transcribtion\TubularExtractor\extractor\src\main\java\org\schabi\newpipe\extractor\services\yandexmusic\api\YandexApi.java:114: Длина строки больше 100 (всего 128). [LineLength]
[ant:checkstyle] [ERROR] C:\Users\user\.gemini\antigravity\scratch\Youtube_Transcribtion\TubularExtractor\extractor\src\main\java\org\schabi\newpipe\extractor\services\yandexmusic\api\YandexApi.java:114:16: Переменная 'url' должна быть объявлена final. [FinalLocalVariable]
[ant:checkstyle] [ERROR] C:\Users\user\.gemini\antigravity\scratch\Youtube_Transcribtion\TubularExtractor\extractor\src\main\java\org\schabi\newpipe\extractor\services\yandexmusic\api\YandexApi.java:115:45: Переменная 'headers' должна быть объявлена final. [FinalLocalVariable]
[ant:checkstyle] [ERROR] C:\Users\user\.gemini\antigravity\scratch\Youtube_Transcribtion\TubularExtractor\extractor\src\main\java\org\schabi\newpipe\extractor\services\yandexmusic\api\YandexApi.java:118: Длина строки больше 100 (всего 109). [LineLength]
[ant:checkstyle] [ERROR] C:\Users\user\.gemini\antigravity\scratch\Youtube_Transcribtion\TubularExtractor\extractor\src\main\java\org\schabi\newpipe\extractor\services\yandexmusic\api\YandexApi.java:121:20: Переменная 'downloader' должна быть объявлена final. [FinalLocalVariable]
[ant:checkstyle] [ERROR] C:\Users\user\.gemini\antigravity\scratch\Youtube_Transcribtion\TubularExtractor\extractor\src\main\java\org\schabi\newpipe\extractor\services\yandexmusic\api\YandexApi.java:122:18: Переменная 'response' должна быть объявлена final. [FinalLocalVariable]
[ant:checkstyle] [ERROR] C:\Users\user\.gemini\antigravity\scratch\Youtube_Transcribtion\TubularExtractor\extractor\src\main\java\org\schabi\newpipe\extractor\services\yandexmusic\api\YandexApi.java:125:24: Переменная 'root' должна быть объявлена final. [FinalLocalVariable]
[ant:checkstyle] [ERROR] C:\Users\user\.gemini\antigravity\scratch\Youtube_Transcribtion\TubularExtractor\extractor\src\main\java\org\schabi\newpipe\extractor\services\yandexmusic\api\YandexApi.java:127:38: Переменная 'e' должна быть объявлена final. [FinalLocalVariable]
[ant:checkstyle] [ERROR] C:\Users\user\.gemini\antigravity\scratch\Youtube_Transcribtion\TubularExtractor\extractor\src\main\java\org\schabi\newpipe\extractor\services\yandexmusic\api\YandexApi.java:132: Длина строки больше 100 (всего 107). [LineLength]
[ant:checkstyle] [ERROR] C:\Users\user\.gemini\antigravity\scratch\Youtube_Transcribtion\TubularExtractor\extractor\src\main\java\org\schabi\newpipe\extractor\services\yandexmusic\api\YandexApi.java:132:43: Параметр query должен быть final. [FinalParameters]
[ant:checkstyle] [ERROR] C:\Users\user\.gemini\antigravity\scratch\Youtube_Transcribtion\TubularExtractor\extractor\src\main\java\org\schabi\newpipe\extractor\services\yandexmusic\api\YandexApi.java:132:50: Переменная 'query' должна быть объявлена final. [FinalLocalVariable]
[ant:checkstyle] [ERROR] C:\Users\user\.gemini\antigravity\scratch\Youtube_Transcribtion\TubularExtractor\extractor\src\main\java\org\schabi\newpipe\extractor\services\yandexmusic\api\YandexApi.java:132:57: Параметр page должен быть final. [FinalParameters]
[ant:checkstyle] [ERROR] C:\Users\user\.gemini\antigravity\scratch\Youtube_Transcribtion\TubularExtractor\extractor\src\main\java\org\schabi\newpipe\extractor\services\yandexmusic\api\YandexApi.java:132:61: Переменная 'page' должна быть объявлена final. [FinalLocalVariable]
[ant:checkstyle] [ERROR] C:\Users\user\.gemini\antigravity\scratch\Youtube_Transcribtion\TubularExtractor\extractor\src\main\java\org\schabi\newpipe\extractor\services\yandexmusic\api\YandexApi.java:133: Длина строки больше 100 (всего 145). [LineLength]
[ant:checkstyle] [ERROR] C:\Users\user\.gemini\antigravity\scratch\Youtube_Transcribtion\TubularExtractor\extractor\src\main\java\org\schabi\newpipe\extractor\services\yandexmusic\api\YandexApi.java:133:16: Переменная 'url' должна быть объявлена final. [FinalLocalVariable]
[ant:checkstyle] [ERROR] C:\Users\user\.gemini\antigravity\scratch\Youtube_Transcribtion\TubularExtractor\extractor\src\main\java\org\schabi\newpipe\extractor\services\yandexmusic\api\YandexApi.java:143: Длина строки больше 100 (всего 109). [LineLength]
[ant:checkstyle] [ERROR] C:\Users\user\.gemini\antigravity\scratch\Youtube_Transcribtion\TubularExtractor\extractor\src\main\java\org\schabi\newpipe\extractor\services\yandexmusic\api\YandexApi.java:167: Line has trailing spaces. [RegexpSingleline]
[ant:checkstyle] [ERROR] C:\Users\user\.gemini\antigravity\scratch\Youtube_Transcribtion\TubularExtractor\extractor\src\main\java\org\schabi\newpipe\extractor\services\yandexmusic\api\YandexApi.java:171: Длина строки больше 100 (всего 122). [LineLength]
[ant:checkstyle] [ERROR] C:\Users\user\.gemini\antigravity\scratch\Youtube_Transcribtion\TubularExtractor\extractor\src\main\java\org\schabi\newpipe\extractor\services\yandexmusic\api\YandexApi.java:171:70: Параметр url должен быть final. [FinalParameters]
[ant:checkstyle] [ERROR] C:\Users\user\.gemini\antigravity\scratch\Youtube_Transcribtion\TubularExtractor\extractor\src\main\java\org\schabi\newpipe\extractor\services\yandexmusic\api\YandexApi.java:171:77: Переменная 'url' должна быть объявлена final. [FinalLocalVariable]
[ant:checkstyle] [ERROR] C:\Users\user\.gemini\antigravity\scratch\Youtube_Transcribtion\TubularExtractor\extractor\src\main\java\org\schabi\newpipe\extractor\services\yandexmusic\api\YandexApi.java:172:45: Переменная 'headers' должна быть объявлена final. [FinalLocalVariable]
[ant:checkstyle] [ERROR] C:\Users\user\.gemini\antigravity\scratch\Youtube_Transcribtion\TubularExtractor\extractor\src\main\java\org\schabi\newpipe\extractor\services\yandexmusic\api\YandexApi.java:175: Длина строки больше 100 (всего 109). [LineLength]
[ant:checkstyle] [ERROR] C:\Users\user\.gemini\antigravity\scratch\Youtube_Transcribtion\TubularExtractor\extractor\src\main\java\org\schabi\newpipe\extractor\services\yandexmusic\api\YandexApi.java:178:20: Переменная 'downloader' должна быть объявлена final. [FinalLocalVariable]
[ant:checkstyle] [ERROR] C:\Users\user\.gemini\antigravity\scratch\Youtube_Transcribtion\TubularExtractor\extractor\src\main\java\org\schabi\newpipe\extractor\services\yandexmusic\api\YandexApi.java:179:18: Переменная 'response' должна быть объявлена final. [FinalLocalVariable]
[ant:checkstyle] [ERROR] C:\Users\user\.gemini\antigravity\scratch\Youtube_Transcribtion\TubularExtractor\extractor\src\main\java\org\schabi\newpipe\extractor\services\yandexmusic\api\YandexApi.java:182:24: Переменная 'root' должна быть объявлена final. [FinalLocalVariable]
[ant:checkstyle] [ERROR] C:\Users\user\.gemini\antigravity\scratch\Youtube_Transcribtion\TubularExtractor\extractor\src\main\java\org\schabi\newpipe\extractor\services\yandexmusic\api\YandexApi.java:184:38: Переменная 'e' должна быть объявлена final. [FinalLocalVariable]
[ant:checkstyle] [ERROR] C:\Users\user\.gemini\antigravity\scratch\Youtube_Transcribtion\TubularExtractor\extractor\src\main\java\org\schabi\newpipe\extractor\services\yandexmusic\api\YandexApi.java:189: Длина строки больше 100 (всего 107). [LineLength]
[ant:checkstyle] [ERROR] C:\Users\user\.gemini\antigravity\scratch\Youtube_Transcribtion\TubularExtractor\extractor\src\main\java\org\schabi\newpipe\extractor\services\yandexmusic\api\YandexApi.java:189:43: Параметр downloadInfoUrl должен быть final. [FinalParameters]
[ant:checkstyle] [ERROR] C:\Users\user\.gemini\antigravity\scratch\Youtube_Transcribtion\TubularExtractor\extractor\src\main\java\org\schabi\newpipe\extractor\services\yandexmusic\api\YandexApi.java:189:50: Переменная 'downloadInfoUrl' должна быть объявлена final. [FinalLocalVariable]
[ant:checkstyle] [ERROR] C:\Users\user\.gemini\antigravity\scratch\Youtube_Transcribtion\TubularExtractor\extractor\src\main\java\org\schabi\newpipe\extractor\services\yandexmusic\api\YandexApi.java:190:20: Переменная 'downloader' должна быть объявлена final. [FinalLocalVariable]
[ant:checkstyle] [ERROR] C:\Users\user\.gemini\antigravity\scratch\Youtube_Transcribtion\TubularExtractor\extractor\src\main\java\org\schabi\newpipe\extractor\services\yandexmusic\api\YandexApi.java:191:45: Переменная 'headers' должна быть объявлена final. [FinalLocalVariable]
[ant:checkstyle] [ERROR] C:\Users\user\.gemini\antigravity\scratch\Youtube_Transcribtion\TubularExtractor\extractor\src\main\java\org\schabi\newpipe\extractor\services\yandexmusic\api\YandexApi.java:193: Line has trailing spaces. [RegexpSingleline]
[ant:checkstyle] [ERROR] C:\Users\user\.gemini\antigravity\scratch\Youtube_Transcribtion\TubularExtractor\extractor\src\main\java\org\schabi\newpipe\extractor\services\yandexmusic\api\YandexApi.java:194:18: Переменная 'response' должна быть объявлена final. [FinalLocalVariable]
[ant:checkstyle] [ERROR] C:\Users\user\.gemini\antigravity\scratch\Youtube_Transcribtion\TubularExtractor\extractor\src\main\java\org\schabi\newpipe\extractor\services\yandexmusic\api\YandexApi.java:195:16: Переменная 'xml' должна быть объявлена final. [FinalLocalVariable]
[ant:checkstyle] [ERROR] C:\Users\user\.gemini\antigravity\scratch\Youtube_Transcribtion\TubularExtractor\extractor\src\main\java\org\schabi\newpipe\extractor\services\yandexmusic\api\YandexApi.java:196: Line has trailing spaces. [RegexpSingleline]
[ant:checkstyle] [ERROR] C:\Users\user\.gemini\antigravity\scratch\Youtube_Transcribtion\TubularExtractor\extractor\src\main\java\org\schabi\newpipe\extractor\services\yandexmusic\api\YandexApi.java:197:16: Переменная 'host' должна быть объявлена final. [FinalLocalVariable]
[ant:checkstyle] [ERROR] C:\Users\user\.gemini\antigravity\scratch\Youtube_Transcribtion\TubularExtractor\extractor\src\main\java\org\schabi\newpipe\extractor\services\yandexmusic\api\YandexApi.java:198:16: Переменная 'path' должна быть объявлена final. [FinalLocalVariable]
[ant:checkstyle] [ERROR] C:\Users\user\.gemini\antigravity\scratch\Youtube_Transcribtion\TubularExtractor\extractor\src\main\java\org\schabi\newpipe\extractor\services\yandexmusic\api\YandexApi.java:199:16: Переменная 'ts' должна быть объявлена final. [FinalLocalVariable]
[ant:checkstyle] [ERROR] C:\Users\user\.gemini\antigravity\scratch\Youtube_Transcribtion\TubularExtractor\extractor\src\main\java\org\schabi\newpipe\extractor\services\yandexmusic\api\YandexApi.java:200:16: Переменная 's' должна быть объявлена final. [FinalLocalVariable]
[ant:checkstyle] [ERROR] C:\Users\user\.gemini\antigravity\scratch\Youtube_Transcribtion\TubularExtractor\extractor\src\main\java\org\schabi\newpipe\extractor\services\yandexmusic\api\YandexApi.java:201: Line has trailing spaces. [RegexpSingleline]
[ant:checkstyle] [ERROR] C:\Users\user\.gemini\antigravity\scratch\Youtube_Transcribtion\TubularExtractor\extractor\src\main\java\org\schabi\newpipe\extractor\services\yandexmusic\api\YandexApi.java:202:16: Переменная 'sign' должна быть объявлена final. [FinalLocalVariable]
[ant:checkstyle] [ERROR] C:\Users\user\.gemini\antigravity\scratch\Youtube_Transcribtion\TubularExtractor\extractor\src\main\java\org\schabi\newpipe\extractor\services\yandexmusic\api\YandexApi.java:203: Line has trailing spaces. [RegexpSingleline]
[ant:checkstyle] [ERROR] C:\Users\user\.gemini\antigravity\scratch\Youtube_Transcribtion\TubularExtractor\extractor\src\main\java\org\schabi\newpipe\extractor\services\yandexmusic\api\YandexApi.java:207:37: Параметр xml должен быть final. [FinalParameters]
[ant:checkstyle] [ERROR] C:\Users\user\.gemini\antigravity\scratch\Youtube_Transcribtion\TubularExtractor\extractor\src\main\java\org\schabi\newpipe\extractor\services\yandexmusic\api\YandexApi.java:207:44: Переменная 'xml' должна быть объявлена final. [FinalLocalVariable]
[ant:checkstyle] [ERROR] C:\Users\user\.gemini\antigravity\scratch\Youtube_Transcribtion\TubularExtractor\extractor\src\main\java\org\schabi\newpipe\extractor\services\yandexmusic\api\YandexApi.java:207:49: Параметр tag должен быть final. [FinalParameters]
[ant:checkstyle] [ERROR] C:\Users\user\.gemini\antigravity\scratch\Youtube_Transcribtion\TubularExtractor\extractor\src\main\java\org\schabi\newpipe\extractor\services\yandexmusic\api\YandexApi.java:207:56: Переменная 'tag' должна быть объявлена final. [FinalLocalVariable]
[ant:checkstyle] [ERROR] C:\Users\user\.gemini\antigravity\scratch\Youtube_Transcribtion\TubularExtractor\extractor\src\main\java\org\schabi\newpipe\extractor\services\yandexmusic\api\YandexApi.java:208:16: Переменная 'start' должна быть объявлена final. [FinalLocalVariable]
[ant:checkstyle] [ERROR] C:\Users\user\.gemini\antigravity\scratch\Youtube_Transcribtion\TubularExtractor\extractor\src\main\java\org\schabi\newpipe\extractor\services\yandexmusic\api\YandexApi.java:209:16: Переменная 'end' должна быть объявлена final. [FinalLocalVariable]
[ant:checkstyle] [ERROR] C:\Users\user\.gemini\antigravity\scratch\Youtube_Transcribtion\TubularExtractor\extractor\src\main\java\org\schabi\newpipe\extractor\services\yandexmusic\api\YandexApi.java:210:13: Переменная 's' должна быть объявлена final. [FinalLocalVariable]
[ant:checkstyle] [ERROR] C:\Users\user\.gemini\antigravity\scratch\Youtube_Transcribtion\TubularExtractor\extractor\src\main\java\org\schabi\newpipe\extractor\services\yandexmusic\api\YandexApi.java:211:13: Переменная 'e' должна быть объявлена final. [FinalLocalVariable]
[ant:checkstyle] [ERROR] C:\Users\user\.gemini\antigravity\scratch\Youtube_Transcribtion\TubularExtractor\extractor\src\main\java\org\schabi\newpipe\extractor\services\yandexmusic\api\YandexApi.java:218:31: Параметр md5 должен быть final. [FinalParameters]
[ant:checkstyle] [ERROR] C:\Users\user\.gemini\antigravity\scratch\Youtube_Transcribtion\TubularExtractor\extractor\src\main\java\org\schabi\newpipe\extractor\services\yandexmusic\api\YandexApi.java:218:38: Переменная 'md5' должна быть объявлена final. [FinalLocalVariable]
[ant:checkstyle] [ERROR] C:\Users\user\.gemini\antigravity\scratch\Youtube_Transcribtion\TubularExtractor\extractor\src\main\java\org\schabi\newpipe\extractor\services\yandexmusic\api\YandexApi.java:220:27: Переменная 'md' должна быть объявлена final. [FinalLocalVariable]
[ant:checkstyle] [ERROR] C:\Users\user\.gemini\antigravity\scratch\Youtube_Transcribtion\TubularExtractor\extractor\src\main\java\org\schabi\newpipe\extractor\services\yandexmusic\api\YandexApi.java:221:20: Переменная 'array' должна быть объявлена final. [FinalLocalVariable]
[ant:checkstyle] [ERROR] C:\Users\user\.gemini\antigravity\scratch\Youtube_Transcribtion\TubularExtractor\extractor\src\main\java\org\schabi\newpipe\extractor\services\yandexmusic\api\YandexApi.java:222:27: Переменная 'sb' должна быть объявлена final. [FinalLocalVariable]
[ant:checkstyle] [ERROR] C:\Users\user\.gemini\antigravity\scratch\Youtube_Transcribtion\TubularExtractor\extractor\src\main\java\org\schabi\newpipe\extractor\services\yandexmusic\api\YandexApi.java:223:23: Переменная 'b' должна быть объявлена final. [FinalLocalVariable]
[ant:checkstyle] [ERROR] C:\Users\user\.gemini\antigravity\scratch\Youtube_Transcribtion\TubularExtractor\extractor\src\main\java\org\schabi\newpipe\extractor\services\yandexmusic\api\YandexApi.java:227:43: Переменная 'e' должна быть объявлена final. [FinalLocalVariable]
[ant:checkstyle] [ERROR] C:\Users\user\.gemini\antigravity\scratch\Youtube_Transcribtion\TubularExtractor\extractor\src\main\java\org\schabi\newpipe\extractor\services\yandexmusic\extractors\YandexKioskExtractor.java:12:8: Неиспользуемый import - org.schabi.newpipe.extractor.stream.StreamInfoItem. [UnusedImports]
[ant:checkstyle] [ERROR] C:\Users\user\.gemini\antigravity\scratch\Youtube_Transcribtion\TubularExtractor\extractor\src\main\java\org\schabi\newpipe\extractor\services\yandexmusic\extractors\YandexKioskExtractor.java:13:8: Неиспользуемый import - org.schabi.newpipe.extractor.stream.StreamInfoItemsCollector. [UnusedImports]
[ant:checkstyle] [ERROR] C:\Users\user\.gemini\antigravity\scratch\Youtube_Transcribtion\TubularExtractor\extractor\src\main\java\org\schabi\newpipe\extractor\services\yandexmusic\extractors\YandexKioskExtractor.java:14:8: Неиспользуемый import - org.schabi.newpipe.extractor.playlist.PlaylistInfoItem. [UnusedImports]
[ant:checkstyle] [ERROR] C:\Users\user\.gemini\antigravity\scratch\Youtube_Transcribtion\TubularExtractor\extractor\src\main\java\org\schabi\newpipe\extractor\services\yandexmusic\extractors\YandexKioskExtractor.java:18:8: Неиспользуемый import - org.schabi.newpipe.extractor.exceptions.ParsingException. [UnusedImports]
[ant:checkstyle] [ERROR] C:\Users\user\.gemini\antigravity\scratch\Youtube_Transcribtion\TubularExtractor\extractor\src\main\java\org\schabi\newpipe\extractor\services\yandexmusic\extractors\YandexKioskExtractor.java:34: Длина строки больше 100 (всего 104). [LineLength]
[ant:checkstyle] [ERROR] C:\Users\user\.gemini\antigravity\scratch\Youtube_Transcribtion\TubularExtractor\extractor\src\main\java\org\schabi\newpipe\extractor\services\yandexmusic\extractors\YandexKioskExtractor.java:34:33: Параметр service должен быть final. [FinalParameters]
[ant:checkstyle] [ERROR] C:\Users\user\.gemini\antigravity\scratch\Youtube_Transcribtion\TubularExtractor\extractor\src\main\java\org\schabi\newpipe\extractor\services\yandexmusic\extractors\YandexKioskExtractor.java:34:50: Переменная 'service' должна быть объявлена final. [FinalLocalVariable]
[ant:checkstyle] [ERROR] C:\Users\user\.gemini\antigravity\scratch\Youtube_Transcribtion\TubularExtractor\extractor\src\main\java\org\schabi\newpipe\extractor\services\yandexmusic\extractors\YandexKioskExtractor.java:34:59: Параметр linkHandler должен быть final. [FinalParameters]
[ant:checkstyle] [ERROR] C:\Users\user\.gemini\antigravity\scratch\Youtube_Transcribtion\TubularExtractor\extractor\src\main\java\org\schabi\newpipe\extractor\services\yandexmusic\extractors\YandexKioskExtractor.java:34:75: Переменная 'linkHandler' должна быть объявлена final. [FinalLocalVariable]
[ant:checkstyle] [ERROR] C:\Users\user\.gemini\antigravity\scratch\Youtube_Transcribtion\TubularExtractor\extractor\src\main\java\org\schabi\newpipe\extractor\services\yandexmusic\extractors\YandexKioskExtractor.java:34:88: Параметр kioskId должен быть final. [FinalParameters]
[ant:checkstyle] [ERROR] C:\Users\user\.gemini\antigravity\scratch\Youtube_Transcribtion\TubularExtractor\extractor\src\main\java\org\schabi\newpipe\extractor\services\yandexmusic\extractors\YandexKioskExtractor.java:34:95: Переменная 'kioskId' должна быть объявлена final. [FinalLocalVariable]
[ant:checkstyle] [ERROR] C:\Users\user\.gemini\antigravity\scratch\Youtube_Transcribtion\TubularExtractor\extractor\src\main\java\org\schabi\newpipe\extractor\services\yandexmusic\extractors\YandexKioskExtractor.java:40: Длина строки больше 100 (всего 101). [LineLength]
[ant:checkstyle] [ERROR] C:\Users\user\.gemini\antigravity\scratch\Youtube_Transcribtion\TubularExtractor\extractor\src\main\java\org\schabi\newpipe\extractor\services\yandexmusic\extractors\YandexKioskExtractor.java:40:29: Параметр downloader должен быть final. [FinalParameters]
[ant:checkstyle] [ERROR] C:\Users\user\.gemini\antigravity\scratch\Youtube_Transcribtion\TubularExtractor\extractor\src\main\java\org\schabi\newpipe\extractor\services\yandexmusic\extractors\YandexKioskExtractor.java:40:49: Переменная 'downloader' должна быть объявлена final. [FinalLocalVariable]
[ant:checkstyle] [ERROR] C:\Users\user\.gemini\antigravity\scratch\Youtube_Transcribtion\TubularExtractor\extractor\src\main\java\org\schabi\newpipe\extractor\services\yandexmusic\extractors\YandexKioskExtractor.java:45: Длина строки больше 100 (всего 151). [LineLength]
[ant:checkstyle] [ERROR] C:\Users\user\.gemini\antigravity\scratch\Youtube_Transcribtion\TubularExtractor\extractor\src\main\java\org\schabi\newpipe\extractor\services\yandexmusic\extractors\YandexKioskExtractor.java:47:24: Переменная 'accountStatus' должна быть объявлена final. [FinalLocalVariable]
[ant:checkstyle] [ERROR] C:\Users\user\.gemini\antigravity\scratch\Youtube_Transcribtion\TubularExtractor\extractor\src\main\java\org\schabi\newpipe\extractor\services\yandexmusic\extractors\YandexKioskExtractor.java:49:22: Переменная 'uid' должна быть объявлена final. [FinalLocalVariable]
[ant:checkstyle] [ERROR] C:\Users\user\.gemini\antigravity\scratch\Youtube_Transcribtion\TubularExtractor\extractor\src\main\java\org\schabi\newpipe\extractor\services\yandexmusic\extractors\YandexKioskExtractor.java:53:40: Переменная 'e' должна быть объявлена final. [FinalLocalVariable]
[ant:checkstyle] [ERROR] C:\Users\user\.gemini\antigravity\scratch\Youtube_Transcribtion\TubularExtractor\extractor\src\main\java\org\schabi\newpipe\extractor\services\yandexmusic\extractors\YandexKioskExtractor.java:58: Длина строки больше 100 (всего 102). [LineLength]
[ant:checkstyle] [ERROR] C:\Users\user\.gemini\antigravity\scratch\Youtube_Transcribtion\TubularExtractor\extractor\src\main\java\org\schabi\newpipe\extractor\services\yandexmusic\extractors\YandexKioskExtractor.java:77:33: Переменная 'collector' должна быть объявлена final. [FinalLocalVariable]
[ant:checkstyle] [ERROR] C:\Users\user\.gemini\antigravity\scratch\Youtube_Transcribtion\TubularExtractor\extractor\src\main\java\org\schabi\newpipe\extractor\services\yandexmusic\extractors\YandexKioskExtractor.java:80:24: Переменная 'chart' должна быть объявлена final. [FinalLocalVariable]
[ant:checkstyle] [ERROR] C:\Users\user\.gemini\antigravity\scratch\Youtube_Transcribtion\TubularExtractor\extractor\src\main\java\org\schabi\newpipe\extractor\services\yandexmusic\extractors\YandexKioskExtractor.java:82:27: Переменная 'tracks' должна быть объявлена final. [FinalLocalVariable]
[ant:checkstyle] [ERROR] C:\Users\user\.gemini\antigravity\scratch\Youtube_Transcribtion\TubularExtractor\extractor\src\main\java\org\schabi\newpipe\extractor\services\yandexmusic\extractors\YandexKioskExtractor.java:85:36: Переменная 'trackObj' должна быть объявлена final. [FinalLocalVariable]
[ant:checkstyle] [ERROR] C:\Users\user\.gemini\antigravity\scratch\Youtube_Transcribtion\TubularExtractor\extractor\src\main\java\org\schabi\newpipe\extractor\services\yandexmusic\extractors\YandexKioskExtractor.java:94:28: Переменная 'playlistObj' должна быть объявлена final. [FinalLocalVariable]
[ant:checkstyle] [ERROR] C:\Users\user\.gemini\antigravity\scratch\Youtube_Transcribtion\TubularExtractor\extractor\src\main\java\org\schabi\newpipe\extractor\services\yandexmusic\extractors\YandexKioskExtractor.java:101:28: Переменная 'trackObj' должна быть объявлена final. [FinalLocalVariable]
[ant:checkstyle] [ERROR] C:\Users\user\.gemini\antigravity\scratch\Youtube_Transcribtion\TubularExtractor\extractor\src\main\java\org\schabi\newpipe\extractor\services\yandexmusic\extractors\YandexKioskExtractor.java:112:44: Параметр page должен быть final. [FinalParameters]
[ant:checkstyle] [ERROR] C:\Users\user\.gemini\antigravity\scratch\Youtube_Transcribtion\TubularExtractor\extractor\src\main\java\org\schabi\newpipe\extractor\services\yandexmusic\extractors\YandexKioskExtractor.java:112:49: Переменная 'page' должна быть объявлена final. [FinalLocalVariable]
[ant:checkstyle] [ERROR] C:\Users\user\.gemini\antigravity\scratch\Youtube_Transcribtion\TubularExtractor\extractor\src\main\java\org\schabi\newpipe\extractor\services\yandexmusic\extractors\YandexKioskExtractor.java:115: Line has trailing spaces. [RegexpSingleline]
[ant:checkstyle] [ERROR] C:\Users\user\.gemini\antigravity\scratch\Youtube_Transcribtion\TubularExtractor\extractor\src\main\java\org\schabi\newpipe\extractor\services\yandexmusic\extractors\YandexKioskExtractor.java:120:48: Параметр playlist должен быть final. [FinalParameters]
[ant:checkstyle] [ERROR] C:\Users\user\.gemini\antigravity\scratch\Youtube_Transcribtion\TubularExtractor\extractor\src\main\java\org\schabi\newpipe\extractor\services\yandexmusic\extractors\YandexKioskExtractor.java:120:59: Переменная 'playlist' должна быть объявлена final. [FinalLocalVariable]
[ant:checkstyle] [ERROR] C:\Users\user\.gemini\antigravity\scratch\Youtube_Transcribtion\TubularExtractor\extractor\src\main\java\org\schabi\newpipe\extractor\services\yandexmusic\extractors\YandexKioskExtractor.java:131:24: Переменная 'owner' должна быть объявлена final. [FinalLocalVariable]
[ant:checkstyle] [ERROR] C:\Users\user\.gemini\antigravity\scratch\Youtube_Transcribtion\TubularExtractor\extractor\src\main\java\org\schabi\newpipe\extractor\services\yandexmusic\extractors\YandexKioskExtractor.java:132:20: Переменная 'user' должна быть объявлена final. [FinalLocalVariable]
[ant:checkstyle] [ERROR] C:\Users\user\.gemini\antigravity\scratch\Youtube_Transcribtion\TubularExtractor\extractor\src\main\java\org\schabi\newpipe\extractor\services\yandexmusic\extractors\YandexKioskExtractor.java:133:18: Переменная 'kind' должна быть объявлена final. [FinalLocalVariable]
[ant:checkstyle] [ERROR] C:\Users\user\.gemini\antigravity\scratch\Youtube_Transcribtion\TubularExtractor\extractor\src\main\java\org\schabi\newpipe\extractor\services\yandexmusic\extractors\YandexKioskExtractor.java:139:24: Переменная 'owner' должна быть объявлена final. [FinalLocalVariable]
[ant:checkstyle] [ERROR] C:\Users\user\.gemini\antigravity\scratch\Youtube_Transcribtion\TubularExtractor\extractor\src\main\java\org\schabi\newpipe\extractor\services\yandexmusic\extractors\YandexKioskExtractor.java:145:24: Переменная 'owner' должна быть объявлена final. [FinalLocalVariable]
[ant:checkstyle] [ERROR] C:\Users\user\.gemini\antigravity\scratch\Youtube_Transcribtion\TubularExtractor\extractor\src\main\java\org\schabi\newpipe\extractor\services\yandexmusic\extractors\YandexKioskExtractor.java:146: Длина строки больше 100 (всего 104). [LineLength]
[ant:checkstyle] [ERROR] C:\Users\user\.gemini\antigravity\scratch\Youtube_Transcribtion\TubularExtractor\extractor\src\main\java\org\schabi\newpipe\extractor\services\yandexmusic\extractors\YandexKioskExtractor.java:166: Длина строки больше 100 (всего 144). [LineLength]
[ant:checkstyle] [ERROR] C:\Users\user\.gemini\antigravity\scratch\Youtube_Transcribtion\TubularExtractor\extractor\src\main\java\org\schabi\newpipe\extractor\services\yandexmusic\extractors\YandexPlaylistExtractor.java:6:8: Неиспользуемый import - org.schabi.newpipe.extractor.NewPipe. [UnusedImports]
[ant:checkstyle] [ERROR] C:\Users\user\.gemini\antigravity\scratch\Youtube_Transcribtion\TubularExtractor\extractor\src\main\java\org\schabi\newpipe\extractor\services\yandexmusic\extractors\YandexPlaylistExtractor.java:30:36: Параметр service должен быть final. [FinalParameters]
[ant:checkstyle] [ERROR] C:\Users\user\.gemini\antigravity\scratch\Youtube_Transcribtion\TubularExtractor\extractor\src\main\java\org\schabi\newpipe\extractor\services\yandexmusic\extractors\YandexPlaylistExtractor.java:30:53: Переменная 'service' должна быть объявлена final. [FinalLocalVariable]
[ant:checkstyle] [ERROR] C:\Users\user\.gemini\antigravity\scratch\Youtube_Transcribtion\TubularExtractor\extractor\src\main\java\org\schabi\newpipe\extractor\services\yandexmusic\extractors\YandexPlaylistExtractor.java:30:62: Параметр linkHandler должен быть final. [FinalParameters]
[ant:checkstyle] [ERROR] C:\Users\user\.gemini\antigravity\scratch\Youtube_Transcribtion\TubularExtractor\extractor\src\main\java\org\schabi\newpipe\extractor\services\yandexmusic\extractors\YandexPlaylistExtractor.java:30:78: Переменная 'linkHandler' должна быть объявлена final. [FinalLocalVariable]
[ant:checkstyle] [ERROR] C:\Users\user\.gemini\antigravity\scratch\Youtube_Transcribtion\TubularExtractor\extractor\src\main\java\org\schabi\newpipe\extractor\services\yandexmusic\extractors\YandexPlaylistExtractor.java:35: Длина строки больше 100 (всего 101). [LineLength]
[ant:checkstyle] [ERROR] C:\Users\user\.gemini\antigravity\scratch\Youtube_Transcribtion\TubularExtractor\extractor\src\main\java\org\schabi\newpipe\extractor\services\yandexmusic\extractors\YandexPlaylistExtractor.java:35:29: Параметр downloader должен быть final. [FinalParameters]
[ant:checkstyle] [ERROR] C:\Users\user\.gemini\antigravity\scratch\Youtube_Transcribtion\TubularExtractor\extractor\src\main\java\org\schabi\newpipe\extractor\services\yandexmusic\extractors\YandexPlaylistExtractor.java:35:49: Переменная 'downloader' должна быть объявлена final. [FinalLocalVariable]
[ant:checkstyle] [ERROR] C:\Users\user\.gemini\antigravity\scratch\Youtube_Transcribtion\TubularExtractor\extractor\src\main\java\org\schabi\newpipe\extractor\services\yandexmusic\extractors\YandexPlaylistExtractor.java:42:22: Переменная 'parts' должна быть объявлена final. [FinalLocalVariable]
[ant:checkstyle] [ERROR] C:\Users\user\.gemini\antigravity\scratch\Youtube_Transcribtion\TubularExtractor\extractor\src\main\java\org\schabi\newpipe\extractor\services\yandexmusic\extractors\YandexPlaylistExtractor.java:75: Длина строки больше 100 (всего 140). [LineLength]
[ant:checkstyle] [ERROR] C:\Users\user\.gemini\antigravity\scratch\Youtube_Transcribtion\TubularExtractor\extractor\src\main\java\org\schabi\newpipe\extractor\services\yandexmusic\extractors\YandexPlaylistExtractor.java:83:23: Переменная 'artists' должна быть объявлена final. [FinalLocalVariable]
[ant:checkstyle] [ERROR] C:\Users\user\.gemini\antigravity\scratch\Youtube_Transcribtion\TubularExtractor\extractor\src\main\java\org\schabi\newpipe\extractor\services\yandexmusic\extractors\YandexPlaylistExtractor.java:85: Длина строки больше 100 (всего 109). [LineLength]
[ant:checkstyle] [ERROR] C:\Users\user\.gemini\antigravity\scratch\Youtube_Transcribtion\TubularExtractor\extractor\src\main\java\org\schabi\newpipe\extractor\services\yandexmusic\extractors\YandexPlaylistExtractor.java:88:24: Переменная 'owner' должна быть объявлена final. [FinalLocalVariable]
[ant:checkstyle] [ERROR] C:\Users\user\.gemini\antigravity\scratch\Youtube_Transcribtion\TubularExtractor\extractor\src\main\java\org\schabi\newpipe\extractor\services\yandexmusic\extractors\YandexPlaylistExtractor.java:99:23: Переменная 'artists' должна быть объявлена final. [FinalLocalVariable]
[ant:checkstyle] [ERROR] C:\Users\user\.gemini\antigravity\scratch\Youtube_Transcribtion\TubularExtractor\extractor\src\main\java\org\schabi\newpipe\extractor\services\yandexmusic\extractors\YandexPlaylistExtractor.java:104:24: Переменная 'owner' должна быть объявлена final. [FinalLocalVariable]
[ant:checkstyle] [ERROR] C:\Users\user\.gemini\antigravity\scratch\Youtube_Transcribtion\TubularExtractor\extractor\src\main\java\org\schabi\newpipe\extractor\services\yandexmusic\extractors\YandexPlaylistExtractor.java:131:16: Переменная 'desc' должна быть объявлена final. [FinalLocalVariable]
[ant:checkstyle] [ERROR] C:\Users\user\.gemini\antigravity\scratch\Youtube_Transcribtion\TubularExtractor\extractor\src\main\java\org\schabi\newpipe\extractor\services\yandexmusic\extractors\YandexPlaylistExtractor.java:132: Длина строки больше 100 (всего 108). [LineLength]
[ant:checkstyle] [ERROR] C:\Users\user\.gemini\antigravity\scratch\Youtube_Transcribtion\TubularExtractor\extractor\src\main\java\org\schabi\newpipe\extractor\services\yandexmusic\extractors\YandexPlaylistExtractor.java:138:34: Переменная 'collector' должна быть объявлена final. [FinalLocalVariable]
[ant:checkstyle] [ERROR] C:\Users\user\.gemini\antigravity\scratch\Youtube_Transcribtion\TubularExtractor\extractor\src\main\java\org\schabi\newpipe\extractor\services\yandexmusic\extractors\YandexPlaylistExtractor.java:139: Line has trailing spaces. [RegexpSingleline]
[ant:checkstyle] [ERROR] C:\Users\user\.gemini\antigravity\scratch\Youtube_Transcribtion\TubularExtractor\extractor\src\main\java\org\schabi\newpipe\extractor\services\yandexmusic\extractors\YandexPlaylistExtractor.java:142:23: Переменная 'volumes' должна быть объявлена final. [FinalLocalVariable]
[ant:checkstyle] [ERROR] C:\Users\user\.gemini\antigravity\scratch\Youtube_Transcribtion\TubularExtractor\extractor\src\main\java\org\schabi\newpipe\extractor\services\yandexmusic\extractors\YandexPlaylistExtractor.java:147:23: Переменная 'playlistTracks' должна быть объявлена final. [FinalLocalVariable]
[ant:checkstyle] [ERROR] C:\Users\user\.gemini\antigravity\scratch\Youtube_Transcribtion\TubularExtractor\extractor\src\main\java\org\schabi\newpipe\extractor\services\yandexmusic\extractors\YandexPlaylistExtractor.java:150:29: Переменная 'obj' должна быть объявлена final. [FinalLocalVariable]
[ant:checkstyle] [ERROR] C:\Users\user\.gemini\antigravity\scratch\Youtube_Transcribtion\TubularExtractor\extractor\src\main\java\org\schabi\newpipe\extractor\services\yandexmusic\extractors\YandexPlaylistExtractor.java:152:36: Переменная 'trackWrapper' должна быть объявлена final. [FinalLocalVariable]
[ant:checkstyle] [ERROR] C:\Users\user\.gemini\antigravity\scratch\Youtube_Transcribtion\TubularExtractor\extractor\src\main\java\org\schabi\newpipe\extractor\services\yandexmusic\extractors\YandexPlaylistExtractor.java:162:25: Переменная 'obj' должна быть объявлена final. [FinalLocalVariable]
[ant:checkstyle] [ERROR] C:\Users\user\.gemini\antigravity\scratch\Youtube_Transcribtion\TubularExtractor\extractor\src\main\java\org\schabi\newpipe\extractor\services\yandexmusic\extractors\YandexPlaylistExtractor.java:173: Длина строки больше 100 (всего 130). [LineLength]
[ant:checkstyle] [ERROR] C:\Users\user\.gemini\antigravity\scratch\Youtube_Transcribtion\TubularExtractor\extractor\src\main\java\org\schabi\newpipe\extractor\services\yandexmusic\extractors\YandexPlaylistExtractor.java:173:50: Параметр page должен быть final. [FinalParameters]
[ant:checkstyle] [ERROR] C:\Users\user\.gemini\antigravity\scratch\Youtube_Transcribtion\TubularExtractor\extractor\src\main\java\org\schabi\newpipe\extractor\services\yandexmusic\extractors\YandexPlaylistExtractor.java:173:84: Переменная 'page' должна быть объявлена final. [FinalLocalVariable]
[ant:checkstyle] [ERROR] C:\Users\user\.gemini\antigravity\scratch\Youtube_Transcribtion\TubularExtractor\extractor\src\main\java\org\schabi\newpipe\extractor\services\yandexmusic\extractors\YandexSearchExtractor.java:11:8: Неиспользуемый import - org.schabi.newpipe.extractor.exceptions.ParsingException. [UnusedImports]
[ant:checkstyle] [ERROR] C:\Users\user\.gemini\antigravity\scratch\Youtube_Transcribtion\TubularExtractor\extractor\src\main\java\org\schabi\newpipe\extractor\services\yandexmusic\extractors\YandexSearchExtractor.java:28:34: Параметр service должен быть final. [FinalParameters]
[ant:checkstyle] [ERROR] C:\Users\user\.gemini\antigravity\scratch\Youtube_Transcribtion\TubularExtractor\extractor\src\main\java\org\schabi\newpipe\extractor\services\yandexmusic\extractors\YandexSearchExtractor.java:28:51: Переменная 'service' должна быть объявлена final. [FinalLocalVariable]
[ant:checkstyle] [ERROR] C:\Users\user\.gemini\antigravity\scratch\Youtube_Transcribtion\TubularExtractor\extractor\src\main\java\org\schabi\newpipe\extractor\services\yandexmusic\extractors\YandexSearchExtractor.java:28:60: Параметр linkHandler должен быть final. [FinalParameters]
[ant:checkstyle] [ERROR] C:\Users\user\.gemini\antigravity\scratch\Youtube_Transcribtion\TubularExtractor\extractor\src\main\java\org\schabi\newpipe\extractor\services\yandexmusic\extractors\YandexSearchExtractor.java:28:79: Переменная 'linkHandler' должна быть объявлена final. [FinalLocalVariable]
[ant:checkstyle] [ERROR] C:\Users\user\.gemini\antigravity\scratch\Youtube_Transcribtion\TubularExtractor\extractor\src\main\java\org\schabi\newpipe\extractor\services\yandexmusic\extractors\YandexSearchExtractor.java:52:16: Переменная 'query' должна быть объявлена final. [FinalLocalVariable]
[ant:checkstyle] [ERROR] C:\Users\user\.gemini\antigravity\scratch\Youtube_Transcribtion\TubularExtractor\extractor\src\main\java\org\schabi\newpipe\extractor\services\yandexmusic\extractors\YandexSearchExtractor.java:55:34: Переменная 'collector' должна быть объявлена final. [FinalLocalVariable]
[ant:checkstyle] [ERROR] C:\Users\user\.gemini\antigravity\scratch\Youtube_Transcribtion\TubularExtractor\extractor\src\main\java\org\schabi\newpipe\extractor\services\yandexmusic\extractors\YandexSearchExtractor.java:62:24: Переменная 'tracksObj' должна быть объявлена final. [FinalLocalVariable]
[ant:checkstyle] [ERROR] C:\Users\user\.gemini\antigravity\scratch\Youtube_Transcribtion\TubularExtractor\extractor\src\main\java\org\schabi\newpipe\extractor\services\yandexmusic\extractors\YandexSearchExtractor.java:69:25: Переменная 'obj' должна быть объявлена final. [FinalLocalVariable]
[ant:checkstyle] [ERROR] C:\Users\user\.gemini\antigravity\scratch\Youtube_Transcribtion\TubularExtractor\extractor\src\main\java\org\schabi\newpipe\extractor\services\yandexmusic\extractors\YandexSearchExtractor.java:77:13: Переменная 'count' должна быть объявлена final. [FinalLocalVariable]
[ant:checkstyle] [ERROR] C:\Users\user\.gemini\antigravity\scratch\Youtube_Transcribtion\TubularExtractor\extractor\src\main\java\org\schabi\newpipe\extractor\services\yandexmusic\extractors\YandexSearchExtractor.java:78:13: Переменная 'total' должна быть объявлена final. [FinalLocalVariable]
[ant:checkstyle] [ERROR] C:\Users\user\.gemini\antigravity\scratch\Youtube_Transcribtion\TubularExtractor\extractor\src\main\java\org\schabi\newpipe\extractor\services\yandexmusic\extractors\YandexSearchExtractor.java:79:13: Переменная 'pageNum' должна быть объявлена final. [FinalLocalVariable]
[ant:checkstyle] [ERROR] C:\Users\user\.gemini\antigravity\scratch\Youtube_Transcribtion\TubularExtractor\extractor\src\main\java\org\schabi\newpipe\extractor\services\yandexmusic\extractors\YandexSearchExtractor.java:80: Line has trailing spaces. [RegexpSingleline]
[ant:checkstyle] [ERROR] C:\Users\user\.gemini\antigravity\scratch\Youtube_Transcribtion\TubularExtractor\extractor\src\main\java\org\schabi\newpipe\extractor\services\yandexmusic\extractors\YandexSearchExtractor.java:85: Длина строки больше 100 (всего 107). [LineLength]
[ant:checkstyle] [ERROR] C:\Users\user\.gemini\antigravity\scratch\Youtube_Transcribtion\TubularExtractor\extractor\src\main\java\org\schabi\newpipe\extractor\services\yandexmusic\extractors\YandexSearchExtractor.java:89:44: Параметр page должен быть final. [FinalParameters]
[ant:checkstyle] [ERROR] C:\Users\user\.gemini\antigravity\scratch\Youtube_Transcribtion\TubularExtractor\extractor\src\main\java\org\schabi\newpipe\extractor\services\yandexmusic\extractors\YandexSearchExtractor.java:89:49: Переменная 'page' должна быть объявлена final. [FinalLocalVariable]
[ant:checkstyle] [ERROR] C:\Users\user\.gemini\antigravity\scratch\Youtube_Transcribtion\TubularExtractor\extractor\src\main\java\org\schabi\newpipe\extractor\services\yandexmusic\extractors\YandexSearchExtractor.java:94:16: Переменная 'query' должна быть объявлена final. [FinalLocalVariable]
[ant:checkstyle] [ERROR] C:\Users\user\.gemini\antigravity\scratch\Youtube_Transcribtion\TubularExtractor\extractor\src\main\java\org\schabi\newpipe\extractor\services\yandexmusic\extractors\YandexSearchExtractor.java:95:13: Переменная 'pageNum' должна быть объявлена final. [FinalLocalVariable]
[ant:checkstyle] [ERROR] C:\Users\user\.gemini\antigravity\scratch\Youtube_Transcribtion\TubularExtractor\extractor\src\main\java\org\schabi\newpipe\extractor\services\yandexmusic\extractors\YandexSearchExtractor.java:96: Line has trailing spaces. [RegexpSingleline]
[ant:checkstyle] [ERROR] C:\Users\user\.gemini\antigravity\scratch\Youtube_Transcribtion\TubularExtractor\extractor\src\main\java\org\schabi\newpipe\extractor\services\yandexmusic\extractors\YandexSearchExtractor.java:97:20: Переменная 'result' должна быть объявлена final. [FinalLocalVariable]
[ant:checkstyle] [ERROR] C:\Users\user\.gemini\antigravity\scratch\Youtube_Transcribtion\TubularExtractor\extractor\src\main\java\org\schabi\newpipe\extractor\services\yandexmusic\extractors\YandexSearchExtractor.java:98:34: Переменная 'collector' должна быть объявлена final. [FinalLocalVariable]
[ant:checkstyle] [ERROR] C:\Users\user\.gemini\antigravity\scratch\Youtube_Transcribtion\TubularExtractor\extractor\src\main\java\org\schabi\newpipe\extractor\services\yandexmusic\extractors\YandexSearchExtractor.java:106:24: Переменная 'tracksObj' должна быть объявлена final. [FinalLocalVariable]
[ant:checkstyle] [ERROR] C:\Users\user\.gemini\antigravity\scratch\Youtube_Transcribtion\TubularExtractor\extractor\src\main\java\org\schabi\newpipe\extractor\services\yandexmusic\extractors\YandexSearchExtractor.java:113:25: Переменная 'obj' должна быть объявлена final. [FinalLocalVariable]
[ant:checkstyle] [ERROR] C:\Users\user\.gemini\antigravity\scratch\Youtube_Transcribtion\TubularExtractor\extractor\src\main\java\org\schabi\newpipe\extractor\services\yandexmusic\extractors\YandexSearchExtractor.java:121:13: Переменная 'count' должна быть объявлена final. [FinalLocalVariable]
[ant:checkstyle] [ERROR] C:\Users\user\.gemini\antigravity\scratch\Youtube_Transcribtion\TubularExtractor\extractor\src\main\java\org\schabi\newpipe\extractor\services\yandexmusic\extractors\YandexSearchExtractor.java:122:13: Переменная 'total' должна быть объявлена final. [FinalLocalVariable]
[ant:checkstyle] [ERROR] C:\Users\user\.gemini\antigravity\scratch\Youtube_Transcribtion\TubularExtractor\extractor\src\main\java\org\schabi\newpipe\extractor\services\yandexmusic\extractors\YandexSearchExtractor.java:123: Line has trailing spaces. [RegexpSingleline]
[ant:checkstyle] [ERROR] C:\Users\user\.gemini\antigravity\scratch\Youtube_Transcribtion\TubularExtractor\extractor\src\main\java\org\schabi\newpipe\extractor\services\yandexmusic\extractors\YandexSearchExtractor.java:128: Длина строки больше 100 (всего 107). [LineLength]
[ant:checkstyle] [ERROR] C:\Users\user\.gemini\antigravity\scratch\Youtube_Transcribtion\TubularExtractor\extractor\src\main\java\org\schabi\newpipe\extractor\services\yandexmusic\extractors\YandexSearchExtractor.java:132: Длина строки больше 100 (всего 101). [LineLength]
[ant:checkstyle] [ERROR] C:\Users\user\.gemini\antigravity\scratch\Youtube_Transcribtion\TubularExtractor\extractor\src\main\java\org\schabi\newpipe\extractor\services\yandexmusic\extractors\YandexSearchExtractor.java:132:29: Параметр downloader должен быть final. [FinalParameters]
[ant:checkstyle] [ERROR] C:\Users\user\.gemini\antigravity\scratch\Youtube_Transcribtion\TubularExtractor\extractor\src\main\java\org\schabi\newpipe\extractor\services\yandexmusic\extractors\YandexSearchExtractor.java:132:49: Переменная 'downloader' должна быть объявлена final. [FinalLocalVariable]
[ant:checkstyle] [ERROR] C:\Users\user\.gemini\antigravity\scratch\Youtube_Transcribtion\TubularExtractor\extractor\src\main\java\org\schabi\newpipe\extractor\services\yandexmusic\extractors\YandexStreamExtractor.java:9:8: Неиспользуемый import - org.schabi.newpipe.extractor.exceptions.ParsingException. [UnusedImports]
[ant:checkstyle] [ERROR] C:\Users\user\.gemini\antigravity\scratch\Youtube_Transcribtion\TubularExtractor\extractor\src\main\java\org\schabi\newpipe\extractor\services\yandexmusic\extractors\YandexStreamExtractor.java:12:43: Избегайте использование '.*' в import - org.schabi.newpipe.extractor.stream.*. [AvoidStarImport]
[ant:checkstyle] [ERROR] C:\Users\user\.gemini\antigravity\scratch\Youtube_Transcribtion\TubularExtractor\extractor\src\main\java\org\schabi\newpipe\extractor\services\yandexmusic\extractors\YandexStreamExtractor.java:27:34: Параметр service должен быть final. [FinalParameters]
[ant:checkstyle] [ERROR] C:\Users\user\.gemini\antigravity\scratch\Youtube_Transcribtion\TubularExtractor\extractor\src\main\java\org\schabi\newpipe\extractor\services\yandexmusic\extractors\YandexStreamExtractor.java:27:51: Переменная 'service' должна быть объявлена final. [FinalLocalVariable]
[ant:checkstyle] [ERROR] C:\Users\user\.gemini\antigravity\scratch\Youtube_Transcribtion\TubularExtractor\extractor\src\main\java\org\schabi\newpipe\extractor\services\yandexmusic\extractors\YandexStreamExtractor.java:27:60: Параметр linkHandler должен быть final. [FinalParameters]
[ant:checkstyle] [ERROR] C:\Users\user\.gemini\antigravity\scratch\Youtube_Transcribtion\TubularExtractor\extractor\src\main\java\org\schabi\newpipe\extractor\services\yandexmusic\extractors\YandexStreamExtractor.java:27:72: Переменная 'linkHandler' должна быть объявлена final. [FinalLocalVariable]
[ant:checkstyle] [ERROR] C:\Users\user\.gemini\antigravity\scratch\Youtube_Transcribtion\TubularExtractor\extractor\src\main\java\org\schabi\newpipe\extractor\services\yandexmusic\extractors\YandexStreamExtractor.java:32: Длина строки больше 100 (всего 101). [LineLength]
[ant:checkstyle] [ERROR] C:\Users\user\.gemini\antigravity\scratch\Youtube_Transcribtion\TubularExtractor\extractor\src\main\java\org\schabi\newpipe\extractor\services\yandexmusic\extractors\YandexStreamExtractor.java:32:29: Параметр downloader должен быть final. [FinalParameters]
[ant:checkstyle] [ERROR] C:\Users\user\.gemini\antigravity\scratch\Youtube_Transcribtion\TubularExtractor\extractor\src\main\java\org\schabi\newpipe\extractor\services\yandexmusic\extractors\YandexStreamExtractor.java:32:49: Переменная 'downloader' должна быть объявлена final. [FinalLocalVariable]
[ant:checkstyle] [ERROR] C:\Users\user\.gemini\antigravity\scratch\Youtube_Transcribtion\TubularExtractor\extractor\src\main\java\org\schabi\newpipe\extractor\services\yandexmusic\extractors\YandexStreamExtractor.java:59: Длина строки больше 100 (всего 105). [LineLength]
[ant:checkstyle] [ERROR] C:\Users\user\.gemini\antigravity\scratch\Youtube_Transcribtion\TubularExtractor\extractor\src\main\java\org\schabi\newpipe\extractor\services\yandexmusic\extractors\YandexStreamExtractor.java:67:19: Переменная 'artists' должна быть объявлена final. [FinalLocalVariable]
[ant:checkstyle] [ERROR] C:\Users\user\.gemini\antigravity\scratch\Youtube_Transcribtion\TubularExtractor\extractor\src\main\java\org\schabi\newpipe\extractor\services\yandexmusic\extractors\YandexStreamExtractor.java:80: Длина строки больше 100 (всего 153). [LineLength]
[ant:checkstyle] [ERROR] C:\Users\user\.gemini\antigravity\scratch\Youtube_Transcribtion\TubularExtractor\extractor\src\main\java\org\schabi\newpipe\extractor\services\yandexmusic\extractors\YandexStreamExtractor.java:115:20: Переменная 'downloadInfoResponse' должна быть объявлена final. [FinalLocalVariable]
[ant:checkstyle] [ERROR] C:\Users\user\.gemini\antigravity\scratch\Youtube_Transcribtion\TubularExtractor\extractor\src\main\java\org\schabi\newpipe\extractor\services\yandexmusic\extractors\YandexStreamExtractor.java:118: Длина строки больше 100 (всего 107). [LineLength]
[ant:checkstyle] [ERROR] C:\Users\user\.gemini\antigravity\scratch\Youtube_Transcribtion\TubularExtractor\extractor\src\main\java\org\schabi\newpipe\extractor\services\yandexmusic\extractors\YandexStreamExtractor.java:118:13: В конструкции 'if' должны использоваться '{}'. [NeedBraces]
[ant:checkstyle] [ERROR] C:\Users\user\.gemini\antigravity\scratch\Youtube_Transcribtion\TubularExtractor\extractor\src\main\java\org\schabi\newpipe\extractor\services\yandexmusic\extractors\YandexStreamExtractor.java:119: Line has trailing spaces. [RegexpSingleline]
[ant:checkstyle] [ERROR] C:\Users\user\.gemini\antigravity\scratch\Youtube_Transcribtion\TubularExtractor\extractor\src\main\java\org\schabi\newpipe\extractor\services\yandexmusic\extractors\YandexStreamExtractor.java:121:24: Переменная 'downloadInfoUrl' должна быть объявлена final. [FinalLocalVariable]
[ant:checkstyle] [ERROR] C:\Users\user\.gemini\antigravity\scratch\Youtube_Transcribtion\TubularExtractor\extractor\src\main\java\org\schabi\newpipe\extractor\services\yandexmusic\extractors\YandexStreamExtractor.java:122:24: Переменная 'streamUrl' должна быть объявлена final. [FinalLocalVariable]
[ant:checkstyle] [ERROR] C:\Users\user\.gemini\antigravity\scratch\Youtube_Transcribtion\TubularExtractor\extractor\src\main\java\org\schabi\newpipe\extractor\services\yandexmusic\extractors\YandexStreamExtractor.java:123: Line has trailing spaces. [RegexpSingleline]
[ant:checkstyle] [ERROR] C:\Users\user\.gemini\antigravity\scratch\Youtube_Transcribtion\TubularExtractor\extractor\src\main\java\org\schabi\newpipe\extractor\services\yandexmusic\extractors\YandexStreamExtractor.java:124:29: Переменная 'stream' должна быть объявлена final. [FinalLocalVariable]
[ant:checkstyle] [ERROR] C:\Users\user\.gemini\antigravity\scratch\Youtube_Transcribtion\TubularExtractor\extractor\src\main\java\org\schabi\newpipe\extractor\services\yandexmusic\extractors\YandexStreamInfoItemExtractor.java:23:42: Параметр track должен быть final. [FinalParameters]
[ant:checkstyle] [ERROR] C:\Users\user\.gemini\antigravity\scratch\Youtube_Transcribtion\TubularExtractor\extractor\src\main\java\org\schabi\newpipe\extractor\services\yandexmusic\extractors\YandexStreamInfoItemExtractor.java:23:53: Переменная 'track' должна быть объявлена final. [FinalLocalVariable]
[ant:checkstyle] [ERROR] C:\Users\user\.gemini\antigravity\scratch\Youtube_Transcribtion\TubularExtractor\extractor\src\main\java\org\schabi\newpipe\extractor\services\yandexmusic\extractors\YandexStreamInfoItemExtractor.java:44:19: Переменная 'artists' должна быть объявлена final. [FinalLocalVariable]
[ant:checkstyle] [ERROR] C:\Users\user\.gemini\antigravity\scratch\Youtube_Transcribtion\TubularExtractor\extractor\src\main\java\org\schabi\newpipe\extractor\services\yandexmusic\extractors\YandexStreamInfoItemExtractor.java:53:19: Переменная 'artists' должна быть объявлена final. [FinalLocalVariable]
[ant:checkstyle] [ERROR] C:\Users\user\.gemini\antigravity\scratch\Youtube_Transcribtion\TubularExtractor\extractor\src\main\java\org\schabi\newpipe\extractor\services\yandexmusic\extractors\YandexStreamInfoItemExtractor.java:55: Длина строки больше 100 (всего 105). [LineLength]
[ant:checkstyle] [ERROR] C:\Users\user\.gemini\antigravity\scratch\Youtube_Transcribtion\TubularExtractor\extractor\src\main\java\org\schabi\newpipe\extractor\services\yandexmusic\extractors\YandexStreamInfoItemExtractor.java:82: Длина строки больше 100 (всего 153). [LineLength]
[ant:checkstyle] [ERROR] C:\Users\user\.gemini\antigravity\scratch\Youtube_Transcribtion\TubularExtractor\extractor\src\main\java\org\schabi\newpipe\extractor\services\yandexmusic\linkHandler\YandexKioskLinkHandlerFactory.java:5:8: Неиспользуемый import - org.schabi.newpipe.extractor.utils.Parser. [UnusedImports]
[ant:checkstyle] [ERROR] C:\Users\user\.gemini\antigravity\scratch\Youtube_Transcribtion\TubularExtractor\extractor\src\main\java\org\schabi\newpipe\extractor\services\yandexmusic\linkHandler\YandexKioskLinkHandlerFactory.java:11: Длина строки больше 100 (всего 102). [LineLength]
[ant:checkstyle] [ERROR] C:\Users\user\.gemini\antigravity\scratch\Youtube_Transcribtion\TubularExtractor\extractor\src\main\java\org\schabi\newpipe\extractor\services\yandexmusic\linkHandler\YandexKioskLinkHandlerFactory.java:18:25: Параметр url должен быть final. [FinalParameters]
[ant:checkstyle] [ERROR] C:\Users\user\.gemini\antigravity\scratch\Youtube_Transcribtion\TubularExtractor\extractor\src\main\java\org\schabi\newpipe\extractor\services\yandexmusic\linkHandler\YandexKioskLinkHandlerFactory.java:18:32: Переменная 'url' должна быть объявлена final. [FinalLocalVariable]
[ant:checkstyle] [ERROR] C:\Users\user\.gemini\antigravity\scratch\Youtube_Transcribtion\TubularExtractor\extractor\src\main\java\org\schabi\newpipe\extractor\services\yandexmusic\linkHandler\YandexKioskLinkHandlerFactory.java:30:26: Параметр id должен быть final. [FinalParameters]
[ant:checkstyle] [ERROR] C:\Users\user\.gemini\antigravity\scratch\Youtube_Transcribtion\TubularExtractor\extractor\src\main\java\org\schabi\newpipe\extractor\services\yandexmusic\linkHandler\YandexKioskLinkHandlerFactory.java:30:33: Переменная 'id' должна быть объявлена final. [FinalLocalVariable]
[ant:checkstyle] [ERROR] C:\Users\user\.gemini\antigravity\scratch\Youtube_Transcribtion\TubularExtractor\extractor\src\main\java\org\schabi\newpipe\extractor\services\yandexmusic\linkHandler\YandexKioskLinkHandlerFactory.java:30:37: Параметр contentFilter должен быть final. [FinalParameters]
[ant:checkstyle] [ERROR] C:\Users\user\.gemini\antigravity\scratch\Youtube_Transcribtion\TubularExtractor\extractor\src\main\java\org\schabi\newpipe\extractor\services\yandexmusic\linkHandler\YandexKioskLinkHandlerFactory.java:30:50: Переменная 'contentFilter' должна быть объявлена final. [FinalLocalVariable]
[ant:checkstyle] [ERROR] C:\Users\user\.gemini\antigravity\scratch\Youtube_Transcribtion\TubularExtractor\extractor\src\main\java\org\schabi\newpipe\extractor\services\yandexmusic\linkHandler\YandexKioskLinkHandlerFactory.java:30:65: Параметр sortFilter должен быть final. [FinalParameters]
[ant:checkstyle] [ERROR] C:\Users\user\.gemini\antigravity\scratch\Youtube_Transcribtion\TubularExtractor\extractor\src\main\java\org\schabi\newpipe\extractor\services\yandexmusic\linkHandler\YandexKioskLinkHandlerFactory.java:30:72: Переменная 'sortFilter' должна быть объявлена final. [FinalLocalVariable]
[ant:checkstyle] [ERROR] C:\Users\user\.gemini\antigravity\scratch\Youtube_Transcribtion\TubularExtractor\extractor\src\main\java\org\schabi\newpipe\extractor\services\yandexmusic\linkHandler\YandexKioskLinkHandlerFactory.java:42:32: Параметр url должен быть final. [FinalParameters]
[ant:checkstyle] [ERROR] C:\Users\user\.gemini\antigravity\scratch\Youtube_Transcribtion\TubularExtractor\extractor\src\main\java\org\schabi\newpipe\extractor\services\yandexmusic\linkHandler\YandexKioskLinkHandlerFactory.java:42:39: Переменная 'url' должна быть объявлена final. [FinalLocalVariable]
[ant:checkstyle] [ERROR] C:\Users\user\.gemini\antigravity\scratch\Youtube_Transcribtion\TubularExtractor\extractor\src\main\java\org\schabi\newpipe\extractor\services\yandexmusic\linkHandler\YandexKioskLinkHandlerFactory.java:43: Длина строки больше 100 (всего 148). [LineLength]
[ant:checkstyle] [ERROR] C:\Users\user\.gemini\antigravity\scratch\Youtube_Transcribtion\TubularExtractor\extractor\src\main\java\org\schabi\newpipe\extractor\services\yandexmusic\linkHandler\YandexPlaylistLinkHandlerFactory.java:11: Длина строки больше 100 (всего 108). [LineLength]
[ant:checkstyle] [ERROR] C:\Users\user\.gemini\antigravity\scratch\Youtube_Transcribtion\TubularExtractor\extractor\src\main\java\org\schabi\newpipe\extractor\services\yandexmusic\linkHandler\YandexPlaylistLinkHandlerFactory.java:18:25: Параметр url должен быть final. [FinalParameters]
[ant:checkstyle] [ERROR] C:\Users\user\.gemini\antigravity\scratch\Youtube_Transcribtion\TubularExtractor\extractor\src\main\java\org\schabi\newpipe\extractor\services\yandexmusic\linkHandler\YandexPlaylistLinkHandlerFactory.java:18:32: Переменная 'url' должна быть объявлена final. [FinalLocalVariable]
[ant:checkstyle] [ERROR] C:\Users\user\.gemini\antigravity\scratch\Youtube_Transcribtion\TubularExtractor\extractor\src\main\java\org\schabi\newpipe\extractor\services\yandexmusic\linkHandler\YandexPlaylistLinkHandlerFactory.java:20:20: Переменная 'user' должна быть объявлена final. [FinalLocalVariable]
[ant:checkstyle] [ERROR] C:\Users\user\.gemini\antigravity\scratch\Youtube_Transcribtion\TubularExtractor\extractor\src\main\java\org\schabi\newpipe\extractor\services\yandexmusic\linkHandler\YandexPlaylistLinkHandlerFactory.java:21:20: Переменная 'id' должна быть объявлена final. [FinalLocalVariable]
[ant:checkstyle] [ERROR] C:\Users\user\.gemini\antigravity\scratch\Youtube_Transcribtion\TubularExtractor\extractor\src\main\java\org\schabi\newpipe\extractor\services\yandexmusic\linkHandler\YandexPlaylistLinkHandlerFactory.java:30:26: Параметр id должен быть final. [FinalParameters]
[ant:checkstyle] [ERROR] C:\Users\user\.gemini\antigravity\scratch\Youtube_Transcribtion\TubularExtractor\extractor\src\main\java\org\schabi\newpipe\extractor\services\yandexmusic\linkHandler\YandexPlaylistLinkHandlerFactory.java:30:33: Переменная 'id' должна быть объявлена final. [FinalLocalVariable]
[ant:checkstyle] [ERROR] C:\Users\user\.gemini\antigravity\scratch\Youtube_Transcribtion\TubularExtractor\extractor\src\main\java\org\schabi\newpipe\extractor\services\yandexmusic\linkHandler\YandexPlaylistLinkHandlerFactory.java:30:37: Параметр contentFilter должен быть final. [FinalParameters]
[ant:checkstyle] [ERROR] C:\Users\user\.gemini\antigravity\scratch\Youtube_Transcribtion\TubularExtractor\extractor\src\main\java\org\schabi\newpipe\extractor\services\yandexmusic\linkHandler\YandexPlaylistLinkHandlerFactory.java:30:50: Переменная 'contentFilter' должна быть объявлена final. [FinalLocalVariable]
[ant:checkstyle] [ERROR] C:\Users\user\.gemini\antigravity\scratch\Youtube_Transcribtion\TubularExtractor\extractor\src\main\java\org\schabi\newpipe\extractor\services\yandexmusic\linkHandler\YandexPlaylistLinkHandlerFactory.java:30:65: Параметр sortFilter должен быть final. [FinalParameters]
[ant:checkstyle] [ERROR] C:\Users\user\.gemini\antigravity\scratch\Youtube_Transcribtion\TubularExtractor\extractor\src\main\java\org\schabi\newpipe\extractor\services\yandexmusic\linkHandler\YandexPlaylistLinkHandlerFactory.java:30:72: Переменная 'sortFilter' должна быть объявлена final. [FinalLocalVariable]
[ant:checkstyle] [ERROR] C:\Users\user\.gemini\antigravity\scratch\Youtube_Transcribtion\TubularExtractor\extractor\src\main\java\org\schabi\newpipe\extractor\services\yandexmusic\linkHandler\YandexPlaylistLinkHandlerFactory.java:35:32: Параметр url должен быть final. [FinalParameters]
[ant:checkstyle] [ERROR] C:\Users\user\.gemini\antigravity\scratch\Youtube_Transcribtion\TubularExtractor\extractor\src\main\java\org\schabi\newpipe\extractor\services\yandexmusic\linkHandler\YandexPlaylistLinkHandlerFactory.java:35:39: Переменная 'url' должна быть объявлена final. [FinalLocalVariable]
[ant:checkstyle] [ERROR] C:\Users\user\.gemini\antigravity\scratch\Youtube_Transcribtion\TubularExtractor\extractor\src\main\java\org\schabi\newpipe\extractor\services\yandexmusic\linkHandler\YandexPlaylistLinkHandlerFactory.java:36: Длина строки больше 100 (всего 107). [LineLength]
[ant:checkstyle] [ERROR] C:\Users\user\.gemini\antigravity\scratch\Youtube_Transcribtion\TubularExtractor\extractor\src\main\java\org\schabi\newpipe\extractor\services\yandexmusic\linkHandler\YandexSearchQueryHandlerFactory.java:10: Длина строки больше 100 (всего 106). [LineLength]
[ant:checkstyle] [ERROR] C:\Users\user\.gemini\antigravity\scratch\Youtube_Transcribtion\TubularExtractor\extractor\src\main\java\org\schabi\newpipe\extractor\services\yandexmusic\linkHandler\YandexSearchQueryHandlerFactory.java:17:26: Параметр id должен быть final. [FinalParameters]
[ant:checkstyle] [ERROR] C:\Users\user\.gemini\antigravity\scratch\Youtube_Transcribtion\TubularExtractor\extractor\src\main\java\org\schabi\newpipe\extractor\services\yandexmusic\linkHandler\YandexSearchQueryHandlerFactory.java:17:33: Переменная 'id' должна быть объявлена final. [FinalLocalVariable]
[ant:checkstyle] [ERROR] C:\Users\user\.gemini\antigravity\scratch\Youtube_Transcribtion\TubularExtractor\extractor\src\main\java\org\schabi\newpipe\extractor\services\yandexmusic\linkHandler\YandexSearchQueryHandlerFactory.java:17:37: Параметр contentFilter должен быть final. [FinalParameters]
[ant:checkstyle] [ERROR] C:\Users\user\.gemini\antigravity\scratch\Youtube_Transcribtion\TubularExtractor\extractor\src\main\java\org\schabi\newpipe\extractor\services\yandexmusic\linkHandler\YandexSearchQueryHandlerFactory.java:17:50: Переменная 'contentFilter' должна быть объявлена final. [FinalLocalVariable]
[ant:checkstyle] [ERROR] C:\Users\user\.gemini\antigravity\scratch\Youtube_Transcribtion\TubularExtractor\extractor\src\main\java\org\schabi\newpipe\extractor\services\yandexmusic\linkHandler\YandexSearchQueryHandlerFactory.java:17:65: Параметр sortFilter должен быть final. [FinalParameters]
[ant:checkstyle] [ERROR] C:\Users\user\.gemini\antigravity\scratch\Youtube_Transcribtion\TubularExtractor\extractor\src\main\java\org\schabi\newpipe\extractor\services\yandexmusic\linkHandler\YandexSearchQueryHandlerFactory.java:17:72: Переменная 'sortFilter' должна быть объявлена final. [FinalLocalVariable]
[ant:checkstyle] [ERROR] C:\Users\user\.gemini\antigravity\scratch\Youtube_Transcribtion\TubularExtractor\extractor\src\main\java\org\schabi\newpipe\extractor\services\yandexmusic\linkHandler\YandexSearchQueryHandlerFactory.java:22:25: Параметр url должен быть final. [FinalParameters]
[ant:checkstyle] [ERROR] C:\Users\user\.gemini\antigravity\scratch\Youtube_Transcribtion\TubularExtractor\extractor\src\main\java\org\schabi\newpipe\extractor\services\yandexmusic\linkHandler\YandexSearchQueryHandlerFactory.java:22:32: Переменная 'url' должна быть объявлена final. [FinalLocalVariable]
[ant:checkstyle] [ERROR] C:\Users\user\.gemini\antigravity\scratch\Youtube_Transcribtion\TubularExtractor\extractor\src\main\java\org\schabi\newpipe\extractor\services\yandexmusic\linkHandler\YandexSearchQueryHandlerFactory.java:23: Длина строки больше 100 (всего 146). [LineLength]
[ant:checkstyle] [ERROR] C:\Users\user\.gemini\antigravity\scratch\Youtube_Transcribtion\TubularExtractor\extractor\src\main\java\org\schabi\newpipe\extractor\services\yandexmusic\linkHandler\YandexSearchQueryHandlerFactory.java:27:32: Параметр url должен быть final. [FinalParameters]
[ant:checkstyle] [ERROR] C:\Users\user\.gemini\antigravity\scratch\Youtube_Transcribtion\TubularExtractor\extractor\src\main\java\org\schabi\newpipe\extractor\services\yandexmusic\linkHandler\YandexSearchQueryHandlerFactory.java:27:39: Переменная 'url' должна быть объявлена final. [FinalLocalVariable]
[ant:checkstyle] [ERROR] C:\Users\user\.gemini\antigravity\scratch\Youtube_Transcribtion\TubularExtractor\extractor\src\main\java\org\schabi\newpipe\extractor\services\yandexmusic\linkHandler\YandexStreamLinkHandlerFactory.java:9:1: Класс YandexStreamLinkHandlerFactory должен быть объявлен как final. [FinalClass]
[ant:checkstyle] [ERROR] C:\Users\user\.gemini\antigravity\scratch\Youtube_Transcribtion\TubularExtractor\extractor\src\main\java\org\schabi\newpipe\extractor\services\yandexmusic\linkHandler\YandexStreamLinkHandlerFactory.java:11: Длина строки больше 100 (всего 104). [LineLength]
[ant:checkstyle] [ERROR] C:\Users\user\.gemini\antigravity\scratch\Youtube_Transcribtion\TubularExtractor\extractor\src\main\java\org\schabi\newpipe\extractor\services\yandexmusic\linkHandler\YandexStreamLinkHandlerFactory.java:14:46: После '{' нет пробела. [WhitespaceAround]
[ant:checkstyle] [ERROR] C:\Users\user\.gemini\antigravity\scratch\Youtube_Transcribtion\TubularExtractor\extractor\src\main\java\org\schabi\newpipe\extractor\services\yandexmusic\linkHandler\YandexStreamLinkHandlerFactory.java:14:47: Перед '}' нет пробела. [WhitespaceAround]
[ant:checkstyle] [ERROR] C:\Users\user\.gemini\antigravity\scratch\Youtube_Transcribtion\TubularExtractor\extractor\src\main\java\org\schabi\newpipe\extractor\services\yandexmusic\linkHandler\YandexStreamLinkHandlerFactory.java:21:25: Параметр url должен быть final. [FinalParameters]
[ant:checkstyle] [ERROR] C:\Users\user\.gemini\antigravity\scratch\Youtube_Transcribtion\TubularExtractor\extractor\src\main\java\org\schabi\newpipe\extractor\services\yandexmusic\linkHandler\YandexStreamLinkHandlerFactory.java:21:32: Переменная 'url' должна быть объявлена final. [FinalLocalVariable]
[ant:checkstyle] [ERROR] C:\Users\user\.gemini\antigravity\scratch\Youtube_Transcribtion\TubularExtractor\extractor\src\main\java\org\schabi\newpipe\extractor\services\yandexmusic\linkHandler\YandexStreamLinkHandlerFactory.java:22:17: Переменная 'pattern' должна быть объявлена final. [FinalLocalVariable]
[ant:checkstyle] [ERROR] C:\Users\user\.gemini\antigravity\scratch\Youtube_Transcribtion\TubularExtractor\extractor\src\main\java\org\schabi\newpipe\extractor\services\yandexmusic\linkHandler\YandexStreamLinkHandlerFactory.java:23:17: Переменная 'matcher' должна быть объявлена final. [FinalLocalVariable]
[ant:checkstyle] [ERROR] C:\Users\user\.gemini\antigravity\scratch\Youtube_Transcribtion\TubularExtractor\extractor\src\main\java\org\schabi\newpipe\extractor\services\yandexmusic\linkHandler\YandexStreamLinkHandlerFactory.java:31:26: Параметр id должен быть final. [FinalParameters]
[ant:checkstyle] [ERROR] C:\Users\user\.gemini\antigravity\scratch\Youtube_Transcribtion\TubularExtractor\extractor\src\main\java\org\schabi\newpipe\extractor\services\yandexmusic\linkHandler\YandexStreamLinkHandlerFactory.java:31:33: Переменная 'id' должна быть объявлена final. [FinalLocalVariable]
[ant:checkstyle] [ERROR] C:\Users\user\.gemini\antigravity\scratch\Youtube_Transcribtion\TubularExtractor\extractor\src\main\java\org\schabi\newpipe\extractor\services\yandexmusic\linkHandler\YandexStreamLinkHandlerFactory.java:36:32: Параметр url должен быть final. [FinalParameters]
[ant:checkstyle] [ERROR] C:\Users\user\.gemini\antigravity\scratch\Youtube_Transcribtion\TubularExtractor\extractor\src\main\java\org\schabi\newpipe\extractor\services\yandexmusic\linkHandler\YandexStreamLinkHandlerFactory.java:36:39: Переменная 'url' должна быть объявлена final. [FinalLocalVariable]
[ant:checkstyle] [ERROR] C:\Users\user\.gemini\antigravity\scratch\Youtube_Transcribtion\TubularExtractor\extractor\src\main\java\org\schabi\newpipe\extractor\services\yandexmusic\linkHandler\YandexStreamLinkHandlerFactory.java:40:35: Переменная 'e' должна быть объявлена final. [FinalLocalVariable]
[ant:checkstyle] [ERROR] C:\Users\user\.gemini\antigravity\scratch\Youtube_Transcribtion\TubularExtractor\extractor\src\main\java\org\schabi\newpipe\extractor\services\yandexmusic\YandexMusicService.java:92: Line has trailing spaces. [RegexpSingleline]
[ant:checkstyle] [ERROR] C:\Users\user\.gemini\antigravity\scratch\Youtube_Transcribtion\TubularExtractor\extractor\src\main\java\org\schabi\newpipe\extractor\services\yandexmusic\YandexMusicService.java:92: Длина строки больше 100 (всего 110). [LineLength]
[ant:checkstyle] [ERROR] C:\Users\user\.gemini\antigravity\scratch\Youtube_Transcribtion\TubularExtractor\extractor\src\main\java\org\schabi\newpipe\extractor\services\yandexmusic\YandexMusicService.java:93: Длина строки больше 100 (всего 121). [LineLength]
[ant:checkstyle] [ERROR] C:\Users\user\.gemini\antigravity\scratch\Youtube_Transcribtion\TubularExtractor\extractor\src\main\java\org\schabi\newpipe\extractor\services\yandexmusic\YandexMusicService.java:94: Line has trailing spaces. [RegexpSingleline]
[ant:checkstyle] [ERROR] C:\Users\user\.gemini\antigravity\scratch\Youtube_Transcribtion\TubularExtractor\extractor\src\main\java\org\schabi\newpipe\extractor\services\yandexmusic\YandexMusicService.java:96: Длина строки больше 100 (всего 128). [LineLength]
[ant:checkstyle] [ERROR] C:\Users\user\.gemini\antigravity\scratch\Youtube_Transcribtion\TubularExtractor\extractor\src\main\java\org\schabi\newpipe\extractor\sponsorblock\SponsorBlockExtractorHelper.java:84:43: Переменная 'e' должна быть объявлена final. [FinalLocalVariable]
[ant:checkstyle] [ERROR] C:\Users\user\.gemini\antigravity\scratch\Youtube_Transcribtion\TubularExtractor\extractor\src\main\java\org\schabi\newpipe\extractor\sponsorblock\SponsorBlockSegment.java:34:38: Перед '{' нет пробела. [WhitespaceAround]
[ant:checkstyle] [ERROR] C:\Users\user\.gemini\antigravity\scratch\Youtube_Transcribtion\TubularExtractor\extractor\src\main\java\org\schabi\newpipe\extractor\sponsorblock\SponsorBlockSegment.java:42:36: Перед '{' нет пробела. [WhitespaceAround]
[ant:checkstyle] [ERROR] C:\Users\user\.gemini\antigravity\scratch\Youtube_Transcribtion\TubularExtractor\extractor\src\main\java\org\schabi\newpipe\extractor\stream\StreamInfo.java:80: Длина строки больше 100 (всего 116). [LineLength]
[ant:checkstyle] [ERROR] C:\Users\user\.gemini\antigravity\scratch\Youtube_Transcribtion\TubularExtractor\extractor\src\main\java\org\schabi\newpipe\extractor\stream\StreamInfo.java:89: Длина строки больше 100 (всего 114). [LineLength]
[ant:checkstyle] [ERROR] C:\Users\user\.gemini\antigravity\scratch\Youtube_Transcribtion\TubularExtractor\extractor\src\main\java\org\schabi\newpipe\extractor\stream\StreamInfo.java:106: Длина строки больше 100 (всего 101). [LineLength]
[ant:checkstyle] [ERROR] C:\Users\user\.gemini\antigravity\scratch\Youtube_Transcribtion\TubularExtractor\extractor\src\main\java\org\schabi\newpipe\extractor\stream\StreamInfo.java:789:34: Переменная 'segment' должна быть объявлена final. [FinalLocalVariable]
[ant:checkstyle] [ERROR] C:\Users\user\.gemini\antigravity\scratch\Youtube_Transcribtion\TubularExtractor\extractor\src\main\java\org\schabi\newpipe\extractor\stream\StreamInfo.java:797:39: Переменная 'chain' должна быть объявлена final. [FinalLocalVariable]
[ant:checkstyle] [ERROR] C:\Users\user\.gemini\antigravity\scratch\Youtube_Transcribtion\TubularExtractor\extractor\src\main\java\org\schabi\newpipe\extractor\stream\StreamInfo.java:801: Длина строки больше 100 (всего 101). [LineLength]
[ant:checkstyle] [ERROR] C:\Users\user\.gemini\antigravity\scratch\Youtube_Transcribtion\TubularExtractor\extractor\src\main\java\org\schabi\newpipe\extractor\stream\StreamInfo.java:805:46: Переменная 'segment' должна быть объявлена final. [FinalLocalVariable]
[ant:checkstyle] [ERROR] C:\Users\user\.gemini\antigravity\scratch\Youtube_Transcribtion\TubularExtractor\extractor\src\main\java\org\schabi\newpipe\extractor\stream\StreamInfo.java:844:86: 'rydInfo' скрывает поле. [HiddenField]

> Task :extractor:checkstyleMain FAILED

FAILURE: Build failed with an exception.

* What went wrong:
Execution failed for task ':extractor:checkstyleMain'.
> A failure occurred while executing org.gradle.api.plugins.quality.internal.CheckstyleAction
   > Checkstyle rule violations were found. See the report at: file:///C:/Users/user/.gemini/antigravity/scratch/Youtube_Transcribtion/TubularExtractor/extractor/build/reports/checkstyle/main.html
     Checkstyle files with violations: 14
     Checkstyle violations by severity: [error:287]


* Try:
> Run with --scan to get full insights from a Build Scan (powered by Develocity).

BUILD FAILED in 5s
14 actionable tasks: 2 executed, 12 up-to-date
